[05:09:30] [main/INFO] (FabricLoader/GameProvider) Loading Minecraft 1.21.11 with Fabric Loader 0.19.2
[05:09:31] [main/INFO] (FabricLoader) Loading 51 mods:
	- architecture 1.0.0
	- fabric-api 0.141.3+1.21.11
	- fabric-api-base 1.0.5+4ebb5c083e
	- fabric-api-lookup-api-v1 1.6.114+20dc27073e
	- fabric-biome-api-v1 17.1.1+4fc5413f3e
	- fabric-block-api-v1 1.1.10+4ebb5c083e
	- fabric-block-view-api-v2 1.0.39+4ebb5c083e
	- fabric-client-gametest-api-v1 4.3.5+bfe9fcf43e
	- fabric-command-api-v2 2.4.7+6b42a6003e
	- fabric-content-registries-v0 10.2.14+4fc5413f3e
	- fabric-convention-tags-v1 2.1.55+7f945d5b3e
	- fabric-convention-tags-v2 2.17.3+8ef948ba3e
	- fabric-crash-report-info-v1 0.3.23+4ebb5c083e
	- fabric-data-attachment-api-v1 1.8.47+eed0806f3e
	- fabric-data-generation-api-v1 23.4.0+69974c4e3e
	- fabric-dimensions-v1 4.0.28+4fc5413f3e
	- fabric-entity-events-v1 3.1.1+1d0ab4303e
	- fabric-events-interaction-v0 4.1.0+3b89ecf63e
	- fabric-game-rule-api-v1 2.0.3+4fc5413f3e
	- fabric-gametest-api-v1 3.1.27+4fc5413f3e
	- fabric-item-api-v1 11.5.20+d0c46b9e3e
	- fabric-item-group-api-v1 4.2.36+4fc5413f3e
	- fabric-key-binding-api-v1 1.1.7+4fc5413f3e
	- fabric-lifecycle-events-v1 2.6.15+4ebb5c083e
	- fabric-loot-api-v2 3.0.73+3f89f5a53e
	- fabric-loot-api-v3 2.0.20+78c8b4663e
	- fabric-message-api-v1 6.1.12+4ebb5c083e
	- fabric-model-loading-api-v1 6.0.15+4fc5413f3e
	- fabric-networking-api-v1 5.1.5+ae1e07683e
	- fabric-object-builder-api-v1 21.1.39+4fc5413f3e
	- fabric-particles-v1 4.2.11+4fc5413f3e
	- fabric-recipe-api-v1 8.2.3+4ebb5c083e
	- fabric-registry-sync-v0 6.2.5+1718722b3e
	- fabric-renderer-api-v1 8.0.3+f4ffd2e53e
	- fabric-renderer-indigo 5.0.3+f4ffd2e53e
	- fabric-rendering-fluids-v1 3.1.43+4ebb5c083e
	- fabric-rendering-v1 16.2.10+0290ad933e
	- fabric-resource-conditions-api-v1 5.0.35+4fc5413f3e
	- fabric-resource-loader-v0 3.3.4+4fc5413f3e
	- fabric-resource-loader-v1 1.0.10+78c8b4663e
	- fabric-screen-api-v1 3.1.7+4ebb5c083e
	- fabric-screen-handler-api-v1 1.3.161+4fc5413f3e
	- fabric-serialization-api-v1 1.0.5+4ebb5c083e
	- fabric-sound-api-v1 1.0.51+4fc5413f3e
	- fabric-tag-api-v1 1.2.20+4fc5413f3e
	- fabric-transfer-api-v1 6.0.25+4fc5413f3e
	- fabric-transitive-access-wideners-v1 7.1.0+014c8cec3e
	- fabricloader 0.19.2
	- java 22
	- minecraft 1.21.11
	- mixinextras 0.5.4
[05:09:31] [main/INFO] (FabricLoader/Mixin) SpongePowered MIXIN Subsystem Version=0.8.7 Source=file:/Users/seanpaulbobadilla/.gradle/caches/modules-2/files-2.1/net.fabricmc/sponge-mixin/0.17.2+mixin.0.8.7/edf98d1d98229e46e36c61774ae2b54dcd852981/sponge-mixin-0.17.2+mixin.0.8.7.jar Service=Knot/Fabric Env=CLIENT
[05:09:31] [main/INFO] (FabricLoader/Mixin) Loaded Fabric development mappings for mixin remapper!
[05:09:31] [main/INFO] (FabricLoader/Mixin) Compatibility level set to JAVA_21
[05:09:33] [main/INFO] (FabricLoader/MixinExtras|Service) Initializing MixinExtras via com.llamalad7.mixinextras.service.MixinExtrasServiceImpl(version=0.5.4).
[05:09:36] [Datafixer Bootstrap/INFO] (Minecraft) 287 Datafixer optimizations took 1152 milliseconds
[05:09:45] [Render thread/INFO] (Minecraft) Environment: Environment[sessionHost=https://sessionserver.mojang.com, servicesHost=https://api.minecraftservices.com, profilesHost=https://api.mojang.com, name=PROD]
[05:09:45] [Render thread/INFO] (Minecraft) Setting user: Player135
[05:09:45] [Render thread/INFO] (architecture) Registering Item Groups for architecture
[05:09:45] [Render thread/INFO] (architecture) Registering Mod Items for architecture
[05:09:45] [Render thread/INFO] (architecture) Registering Mod Blocks for architecture
[05:09:45] [Render thread/INFO] (architecture) Registering Data Component Types for architecture
[05:09:45] [Render thread/INFO] (architecture) Registering Mod Sounds for architecture
[05:09:45] [Render thread/INFO] (architecture) Registering Particles for architecture
[05:09:45] [Render thread/INFO] (architecture) Registering Block Entities for architecture
[05:09:46] [Render thread/INFO] (architecture) Registering Screen Handlers for architecture
[05:09:46] [Render thread/INFO] (architecture) Registering Custom Recipes for architecture
[05:09:46] [Render thread/INFO] (Indigo) [Indigo] Registering Indigo renderer!
[05:09:46] [Download-2/ERROR] (Minecraft) Failed to fetch user properties
com.mojang.authlib.exceptions.InvalidCredentialsException: Status: 401
	at knot//com.mojang.authlib.exceptions.MinecraftClientHttpException.toAuthenticationException(MinecraftClientHttpException.java:59)
	at knot//com.mojang.authlib.yggdrasil.YggdrasilUserApiService.fetchProperties(YggdrasilUserApiService.java:150)
	at knot//net.minecraft.client.MinecraftClient.method_55608(MinecraftClient.java:457)
	at java.base/java.util.concurrent.CompletableFuture$AsyncSupply.run(CompletableFuture.java:1768)
	at java.base/java.util.concurrent.ThreadPoolExecutor.runWorker(ThreadPoolExecutor.java:1144)
	at java.base/java.util.concurrent.ThreadPoolExecutor$Worker.run(ThreadPoolExecutor.java:642)
	at java.base/java.lang.Thread.run(Thread.java:1570)
Caused by: com.mojang.authlib.exceptions.MinecraftClientHttpException: Status: 401
	at knot//com.mojang.authlib.minecraft.client.MinecraftClient.readInputStream(MinecraftClient.java:103)
	at knot//com.mojang.authlib.minecraft.client.MinecraftClient.get(MinecraftClient.java:56)
	at knot//com.mojang.authlib.yggdrasil.YggdrasilUserApiService.fetchProperties(YggdrasilUserApiService.java:121)
	... 5 more
[05:09:46] [Render thread/INFO] (Minecraft) Backend library: LWJGL version 3.3.3-snapshot
[05:09:48] [Render thread/INFO] (Minecraft) Using optional rendering extensions: GL_EXT_texture_filter_anisotropic
[05:09:48] [Render thread/INFO] (Minecraft) Found non-pack entry '/Users/seanpaulbobadilla/Documents/GitRepos/minecraft_mods/architecture-1.21.11/run/resourcepacks/.gitignore', ignoring
[05:09:49] [Render thread/INFO] (Minecraft) Reloading ResourceManager: vanilla, architecture, fabric-api, fabric-api-base, fabric-api-lookup-api-v1, fabric-biome-api-v1, fabric-block-api-v1, fabric-block-view-api-v2, fabric-client-gametest-api-v1, fabric-command-api-v2, fabric-content-registries-v0, fabric-convention-tags-v1, fabric-convention-tags-v2, fabric-crash-report-info-v1, fabric-data-attachment-api-v1, fabric-data-generation-api-v1, fabric-dimensions-v1, fabric-entity-events-v1, fabric-events-interaction-v0, fabric-game-rule-api-v1, fabric-gametest-api-v1, fabric-item-api-v1, fabric-item-group-api-v1, fabric-key-binding-api-v1, fabric-lifecycle-events-v1, fabric-loot-api-v2, fabric-loot-api-v3, fabric-message-api-v1, fabric-model-loading-api-v1, fabric-networking-api-v1, fabric-object-builder-api-v1, fabric-particles-v1, fabric-recipe-api-v1, fabric-registry-sync-v0, fabric-renderer-api-v1, fabric-renderer-indigo, fabric-rendering-fluids-v1, fabric-rendering-v1, fabric-resource-conditions-api-v1, fabric-resource-loader-v0, fabric-resource-loader-v1, fabric-screen-api-v1, fabric-screen-handler-api-v1, fabric-serialization-api-v1, fabric-sound-api-v1, fabric-tag-api-v1, fabric-transfer-api-v1, fabric-transitive-access-wideners-v1, fabricloader
[05:09:49] [Download-2/INFO] (Minecraft) Could not authorize you against Realms server: java.lang.RuntimeException: Failed to parse into SignedJWT: FabricMC
[05:09:49] [Download-2/ERROR] (Minecraft) Failed to fetch Realms feature flags
net.minecraft.client.realms.exception.RealmsServiceException: Realms authentication error with message 'java.lang.RuntimeException: Failed to parse into SignedJWT: FabricMC'
	at knot//net.minecraft.client.realms.RealmsClient.execute(RealmsClient.java:526)
	at knot//net.minecraft.client.realms.RealmsClient.fetchFeatureFlags(RealmsClient.java:186)
	at java.base/java.util.concurrent.CompletableFuture$AsyncSupply.run(CompletableFuture.java:1768)
	at java.base/java.util.concurrent.ThreadPoolExecutor.runWorker(ThreadPoolExecutor.java:1144)
	at java.base/java.util.concurrent.ThreadPoolExecutor$Worker.run(ThreadPoolExecutor.java:642)
	at java.base/java.lang.Thread.run(Thread.java:1570)
[05:09:50] [Worker-Main-3/WARN] (Minecraft) File architecture:sounds/chisel_use.ogg does not exist, cannot add it to event architecture:chisel_use
[05:09:50] [Worker-Main-3/WARN] (Minecraft) File architecture:sounds/magic_block_break.ogg does not exist, cannot add it to event architecture:magic_block_break
[05:09:50] [Worker-Main-3/WARN] (Minecraft) File architecture:sounds/magic_block_step.ogg does not exist, cannot add it to event architecture:magic_block_step
[05:09:50] [Worker-Main-3/WARN] (Minecraft) File architecture:sounds/magic_block_place.ogg does not exist, cannot add it to event architecture:magic_block_place
[05:09:50] [Worker-Main-3/WARN] (Minecraft) File architecture:sounds/magic_block_hit.ogg does not exist, cannot add it to event architecture:magic_block_hit
[05:09:50] [Worker-Main-3/WARN] (Minecraft) File architecture:sounds/magic_block_fall.ogg does not exist, cannot add it to event architecture:magic_block_fall
[05:09:50] [Worker-Main-3/WARN] (Minecraft) File architecture:sounds/bar_brawl.ogg does not exist, cannot add it to event architecture:bar_brawl
[05:09:50] [Worker-Main-2/ERROR] (Minecraft) Image architecture:block/polished_andesite size 184,160 is not multiple of frame size 96,80
[05:09:50] [Worker-Main-2/WARN] (Minecraft) Texture architecture:block/capital_3 with size 425x53 limits mip level from 4 to 0
[05:09:50] [Worker-Main-2/WARN] (Minecraft) minecraft:textures/atlas/blocks.png: dropping miplevel from 4 to 0, because of minimum power of two: 1
[05:09:51] [Worker-Main-1/INFO] (Minecraft) Found unifont_all_no_pua-17.0.01.hex, loading
[05:09:51] [Worker-Main-2/INFO] (Minecraft) Found unifont_pua-17.0.01.hex, loading
[05:09:52] [Worker-Main-1/INFO] (Minecraft) Found unifont_jp_patch-17.0.01.hex, loading
[05:09:53] [Worker-Main-3/WARN] (Minecraft) Missing block model: architecture:block/quad_window_top_arch_1-6
[05:09:53] [Worker-Main-3/WARN] (Minecraft) Missing block model: architecture:block/quad_window_top_arch_1-5
[05:09:53] [Worker-Main-3/WARN] (Minecraft) Missing block model: architecture:block/quad_window_top_arch_1-4
[05:09:53] [Worker-Main-3/WARN] (Minecraft) Missing block model: architecture:block/quad_window_top_arch_1-3
[05:09:53] [Worker-Main-3/WARN] (Minecraft) Missing block model: architecture:block/quad_window_top_arch_1-2
[05:09:53] [Worker-Main-3/WARN] (Minecraft) Missing block model: architecture:block/quad_window_top_arch_1-1
[05:09:53] [Worker-Main-3/WARN] (Minecraft) Missing block model: architecture:block/quad_window_top_arch_2-6
[05:09:53] [Worker-Main-3/WARN] (Minecraft) Missing block model: architecture:block/quad_window_top_arch_2-5
[05:09:53] [Worker-Main-3/WARN] (Minecraft) Missing block model: architecture:block/quad_window_top_arch_2-4
[05:09:53] [Worker-Main-3/WARN] (Minecraft) Missing block model: architecture:block/quad_window_top_arch_2-3
[05:09:53] [Worker-Main-3/WARN] (Minecraft) Missing block model: architecture:block/quad_window_top_arch_2-2
[05:09:53] [Worker-Main-3/WARN] (Minecraft) Missing block model: architecture:block/quad_window_top_arch_2-1
[05:09:53] [Worker-Main-3/WARN] (Minecraft) Missing block model: architecture:block/triple_window_top_arch_2-3
[05:09:53] [Worker-Main-3/WARN] (Minecraft) Missing block model: architecture:block/triple_window_top_arch_2-2
[05:09:53] [Worker-Main-3/WARN] (Minecraft) Missing block model: architecture:block/triple_window_top_arch_1-1
[05:09:53] [Worker-Main-3/WARN] (Minecraft) Missing block model: architecture:block/triple_window_top_arch_1-2
[05:09:53] [Worker-Main-3/WARN] (Minecraft) Missing block model: architecture:block/triple_window_top_arch_1-3
[05:09:53] [Worker-Main-3/WARN] (Minecraft) Missing block model: minecraft:cube_all
[05:09:55] [Worker-Main-2/WARN] (Minecraft) Missing textures in model architecture:block/triple_window_middle_bottom:
    minecraft:block_or_item:architecture:block/polished_andesite
[05:09:55] [Worker-Main-2/WARN] (Minecraft) Missing textures in model architecture:block/triple_window_right_bottom:
    minecraft:block_or_item:architecture:block/polished_andesite
[05:09:55] [Worker-Main-2/WARN] (Minecraft) Missing textures in model architecture:block/triple_window_left_bottom:
    minecraft:block_or_item:architecture:block/polished_andesite
[05:09:55] [Worker-Main-2/WARN] (Minecraft) Missing texture references in model architecture:block/quad_window_top_arch_2_2:
    particle
[05:09:55] [Worker-Main-2/WARN] (Minecraft) Missing texture references in model architecture:block/quad_window_top_arch_1_3:
    particle
[05:09:55] [Worker-Main-2/WARN] (Minecraft) Missing texture references in model architecture:block/quad_window_top_arch_2_3:
    particle
[05:09:55] [Worker-Main-2/WARN] (Minecraft) Missing texture references in model architecture:block/thin_quartz_base:
    #missing
[05:09:55] [Worker-Main-2/WARN] (Minecraft) Missing texture references in model architecture:block/triple_window_top_arch_1_1:
    particle
[05:09:55] [Worker-Main-2/WARN] (Minecraft) Missing texture references in model architecture:block/thin_quartz_column:
    #missing
[05:09:55] [Worker-Main-2/WARN] (Minecraft) Missing texture references in model architecture:block/triple_window_top_arch_1_2:
    particle
[05:09:55] [Worker-Main-2/WARN] (Minecraft) Missing texture references in model architecture:block/quad_window_top_arch_2_4:
    particle
[05:09:55] [Worker-Main-2/WARN] (Minecraft) Missing texture references in model architecture:block/quad_window_top_arch_2_5:
    particle
[05:09:55] [Worker-Main-2/WARN] (Minecraft) Missing texture references in model architecture:block/thin_quartz_capital:
    #missing
[05:09:55] [Render thread/WARN] (Minecraft) Skipped language file: architecture:lang/en_us.json (com.google.gson.JsonSyntaxException: com.google.gson.stream.MalformedJsonException: Unterminated object at line 7 column 4 path $.block.architecture.thin_quartz_column
See https://github.com/google/gson/blob/main/Troubleshooting.md#malformed-json)
[05:09:55] [Render thread/INFO] (Minecraft) Info log when linking program containing VS minecraft:core/entity and FS minecraft:core/entity. Log output: WARNING: Could not find vertex shader attribute 'Normal' to match BindAttributeLocation request.
WARNING: Output of vertex shader 'overlayColor' not read by fragment shader

[05:09:55] [Render thread/INFO] (Minecraft) Info log when linking program containing VS minecraft:core/animate_sprite and FS minecraft:core/animate_sprite_blit. Log output: WARNING: Output of vertex shader 'fAnimationProgress' not read by fragment shader

[05:09:55] [Render thread/INFO] (Minecraft) Info log when linking program containing VS minecraft:core/rendertype_item_entity_translucent_cull and FS minecraft:core/rendertype_item_entity_translucent_cull. Log output: WARNING: Output of vertex shader 'texCoord1' not read by fragment shader
WARNING: Output of vertex shader 'texCoord2' not read by fragment shader

[05:09:55] [Render thread/INFO] (Minecraft) Info log when linking program containing VS minecraft:core/terrain and FS minecraft:core/terrain. Log output: WARNING: Could not find vertex shader attribute 'Normal' to match BindAttributeLocation request.

[05:09:55] [Render thread/INFO] (Minecraft) Info log when linking program containing VS minecraft:core/rendertype_crumbling and FS minecraft:core/rendertype_crumbling. Log output: WARNING: Could not find vertex shader attribute 'Normal' to match BindAttributeLocation request.
WARNING: Output of vertex shader 'texCoord2' not read by fragment shader

[05:09:55] [Render thread/INFO] (Minecraft) Info log when linking program containing VS minecraft:core/rendertype_text_background_see_through and FS minecraft:core/rendertype_text_background_see_through. Log output: WARNING: Could not find vertex shader attribute 'UV2' to match BindAttributeLocation request.

[05:09:55] [Render thread/INFO] (Minecraft) Info log when linking program containing VS minecraft:core/rendertype_text_intensity_see_through and FS minecraft:core/rendertype_text_intensity_see_through. Log output: WARNING: Could not find vertex shader attribute 'UV2' to match BindAttributeLocation request.

[05:09:55] [Render thread/INFO] (Minecraft) Info log when linking program containing VS minecraft:core/entity and FS minecraft:core/entity. Log output: WARNING: Could not find vertex shader attribute 'UV2' to match BindAttributeLocation request.

[05:09:55] [Render thread/INFO] (Minecraft) Info log when linking program containing VS minecraft:core/entity and FS minecraft:core/entity. Log output: WARNING: Output of vertex shader 'overlayColor' not read by fragment shader

[05:09:56] [Render thread/INFO] (Minecraft) Info log when linking program containing VS minecraft:core/rendertype_entity_shadow and FS minecraft:core/rendertype_entity_shadow. Log output: WARNING: Could not find vertex shader attribute 'UV1' to match BindAttributeLocation request.
WARNING: Could not find vertex shader attribute 'Normal' to match BindAttributeLocation request.
WARNING: Could not find vertex shader attribute 'UV2' to match BindAttributeLocation request.

[05:09:56] [Render thread/INFO] (Minecraft) Info log when linking program containing VS minecraft:core/entity and FS minecraft:core/entity. Log output: WARNING: Could not find vertex shader attribute 'Normal' to match BindAttributeLocation request.
WARNING: Could not find vertex shader attribute 'UV2' to match BindAttributeLocation request.
WARNING: Output of vertex shader 'overlayColor' not read by fragment shader

[05:09:56] [Render thread/INFO] (Minecraft) Info log when linking program containing VS minecraft:core/entity and FS minecraft:core/entity. Log output: WARNING: Output of vertex shader 'overlayColor' not read by fragment shader

[05:09:56] [Render thread/INFO] (Minecraft) Info log when linking program containing VS minecraft:core/block and FS minecraft:core/block. Log output: WARNING: Could not find vertex shader attribute 'Normal' to match BindAttributeLocation request.

[05:09:56] [Render thread/INFO] (Minecraft) Info log when linking program containing VS minecraft:core/terrain and FS minecraft:core/terrain. Log output: WARNING: Could not find vertex shader attribute 'Normal' to match BindAttributeLocation request.

[05:09:56] [Render thread/INFO] (Minecraft) Info log when linking program containing VS minecraft:core/rendertype_translucent_moving_block and FS minecraft:core/rendertype_translucent_moving_block. Log output: WARNING: Could not find vertex shader attribute 'Normal' to match BindAttributeLocation request.

[05:09:56] [Render thread/INFO] (Minecraft) Info log when linking program containing VS minecraft:core/rendertype_text_see_through and FS minecraft:core/rendertype_text_see_through. Log output: WARNING: Could not find vertex shader attribute 'UV2' to match BindAttributeLocation request.

[05:09:56] [Render thread/INFO] (Minecraft) Info log when linking program containing VS minecraft:core/rendertype_beacon_beam and FS minecraft:core/rendertype_beacon_beam. Log output: WARNING: Could not find vertex shader attribute 'Normal' to match BindAttributeLocation request.
WARNING: Could not find vertex shader attribute 'UV2' to match BindAttributeLocation request.

[05:09:56] [Render thread/INFO] (Minecraft) Info log when linking program containing VS minecraft:core/rendertype_beacon_beam and FS minecraft:core/rendertype_beacon_beam. Log output: WARNING: Could not find vertex shader attribute 'Normal' to match BindAttributeLocation request.
WARNING: Could not find vertex shader attribute 'UV2' to match BindAttributeLocation request.

[05:09:56] [Render thread/INFO] (Minecraft) Info log when linking program containing VS minecraft:core/rendertype_entity_alpha and FS minecraft:core/rendertype_entity_alpha. Log output: WARNING: Could not find vertex shader attribute 'Normal' to match BindAttributeLocation request.
WARNING: Output of vertex shader 'texCoord1' not read by fragment shader
WARNING: Output of vertex shader 'texCoord2' not read by fragment shader

[05:09:56] [Render thread/INFO] (Minecraft) Info log when linking program containing VS minecraft:core/block and FS minecraft:core/block. Log output: WARNING: Could not find vertex shader attribute 'Normal' to match BindAttributeLocation request.

[05:09:56] [Render thread/INFO] (Minecraft) Info log when linking program containing VS minecraft:core/block and FS minecraft:core/block. Log output: WARNING: Could not find vertex shader attribute 'Normal' to match BindAttributeLocation request.

[05:09:56] [Render thread/INFO] (Minecraft) Info log when linking program containing VS minecraft:core/terrain and FS minecraft:core/terrain. Log output: WARNING: Could not find vertex shader attribute 'Normal' to match BindAttributeLocation request.

[05:09:56] [Render thread/INFO] (Minecraft) Info log when linking program containing VS minecraft:core/entity and FS minecraft:core/entity. Log output: WARNING: Output of vertex shader 'overlayColor' not read by fragment shader

[05:09:56] [Render thread/INFO] (Minecraft) Info log when linking program containing VS minecraft:core/entity and FS minecraft:core/entity. Log output: WARNING: Output of vertex shader 'overlayColor' not read by fragment shader

[05:09:56] [Render thread/INFO] (Minecraft) Info log when linking program containing VS minecraft:core/terrain and FS minecraft:core/terrain. Log output: WARNING: Could not find vertex shader attribute 'Normal' to match BindAttributeLocation request.

[05:09:56] [Render thread/INFO] (Minecraft) Info log when linking program containing VS minecraft:core/entity and FS minecraft:core/entity. Log output: WARNING: Could not find vertex shader attribute 'Normal' to match BindAttributeLocation request.
WARNING: Could not find vertex shader attribute 'UV2' to match BindAttributeLocation request.
WARNING: Output of vertex shader 'overlayColor' not read by fragment shader

[05:09:56] [Render thread/INFO] (Minecraft) Info log when linking program containing VS minecraft:core/terrain and FS minecraft:core/terrain. Log output: WARNING: Could not find vertex shader attribute 'Normal' to match BindAttributeLocation request.

[05:09:57] [Render thread/INFO] (Minecraft) OpenAL initialized on device Built-in Output
[05:09:57] [Render thread/INFO] (Minecraft) Sound engine started
[05:09:57] [Render thread/INFO] (Minecraft) Created: 512x256x0 minecraft:textures/atlas/particles.png-atlas
[05:09:57] [Render thread/INFO] (Minecraft) Created: 128x128x0 minecraft:textures/atlas/decorated_pot.png-atlas
[05:09:57] [Render thread/INFO] (Minecraft) Created: 2048x1024x0 minecraft:textures/atlas/armor_trims.png-atlas
[05:09:58] [Render thread/INFO] (Minecraft) Created: 512x256x0 minecraft:textures/atlas/paintings.png-atlas
[05:09:58] [Render thread/INFO] (Minecraft) Created: 1024x512x0 minecraft:textures/atlas/shield_patterns.png-atlas
[05:09:58] [Render thread/INFO] (Minecraft) Created: 2048x2048x0 minecraft:textures/atlas/blocks.png-atlas
[05:09:59] [Render thread/INFO] (Minecraft) Created: 512x512x0 minecraft:textures/atlas/chest.png-atlas
[05:09:59] [Render thread/INFO] (Minecraft) Created: 256x128x0 minecraft:textures/atlas/celestials.png-atlas
[05:09:59] [Render thread/INFO] (Minecraft) Created: 1024x512x0 minecraft:textures/atlas/banner_patterns.png-atlas
[05:09:59] [Render thread/INFO] (Minecraft) Created: 512x512x0 minecraft:textures/atlas/beds.png-atlas
[05:09:59] [Render thread/INFO] (Minecraft) Created: 1024x1024x0 minecraft:textures/atlas/items.png-atlas
[05:09:59] [Render thread/INFO] (Minecraft) Created: 1024x1024x0 minecraft:textures/atlas/gui.png-atlas
[05:09:59] [Render thread/INFO] (Minecraft) Created: 128x64x0 minecraft:textures/atlas/map_decorations.png-atlas
[05:09:59] [Render thread/INFO] (Minecraft) Created: 512x256x0 minecraft:textures/atlas/signs.png-atlas
[05:09:59] [Render thread/INFO] (Minecraft) Created: 512x512x0 minecraft:textures/atlas/shulker_boxes.png-atlas
[05:10:02] [IO-Worker-1/INFO] (Minecraft) Could not authorize you against Realms server: java.lang.RuntimeException: Failed to parse into SignedJWT: FabricMC
[05:10:02] [IO-Worker-1/ERROR] (Minecraft) Couldn't connect to realms
net.minecraft.client.realms.exception.RealmsServiceException: Realms authentication error with message 'java.lang.RuntimeException: Failed to parse into SignedJWT: FabricMC'
	at knot//net.minecraft.client.realms.RealmsClient.execute(RealmsClient.java:526)
	at knot//net.minecraft.client.realms.RealmsClient.clientCompatible(RealmsClient.java:307)
	at knot//net.minecraft.client.realms.RealmsAvailability.method_52627(RealmsAvailability.java:48)
	at java.base/java.util.concurrent.CompletableFuture$AsyncSupply.run(CompletableFuture.java:1768)
	at java.base/java.util.concurrent.ThreadPoolExecutor.runWorker(ThreadPoolExecutor.java:1144)
	at java.base/java.util.concurrent.ThreadPoolExecutor$Worker.run(ThreadPoolExecutor.java:642)
	at java.base/java.lang.Thread.run(Thread.java:1570)
[05:10:09] [Render thread/INFO] (Minecraft) Loaded 1488 recipes
[05:10:09] [Render thread/INFO] (Minecraft) Loaded 1584 advancements
[05:10:09] [Render thread/INFO] (BiomeModificationImpl) Applied 0 biome modifications to 0 of 65 new biomes in 1.388 ms
[05:10:09] [Server thread/INFO] (Minecraft) Starting integrated minecraft server version 1.21.11
[05:10:09] [Server thread/INFO] (Minecraft) Generating keypair
[05:10:10] [Server thread/INFO] (Minecraft) Loading 0 persistent chunks...
[05:10:10] [Server thread/INFO] (Minecraft) Preparing spawn area: 16%
[05:10:11] [Server thread/INFO] (Minecraft) Loading 49 chunks for player spawn...
[05:10:11] [Server thread/INFO] (Minecraft) Preparing spawn area: 16%
[05:10:11] [Server thread/INFO] (Minecraft) Preparing spawn area: 16%
[05:10:11] [Server thread/INFO] (Minecraft) Time elapsed: 1317 ms
[05:10:11] [Server thread/INFO] (Minecraft) Player135[local:E:e6f6d6ec] logged in with entity id 41 at (9.943114345067597, -60.0, -8.874098660037664)
[05:10:12] [Server thread/INFO] (Minecraft) Player135 joined the game
[05:10:12] [Render thread/INFO] (Minecraft) Resizing Dynamic Transforms UBO, capacity limit of 2 reached during a single frame. New capacity will be 4.
[05:10:12] [Server thread/INFO] (Minecraft) Changing view distance to 16, from 10
[05:10:12] [Render thread/INFO] (Minecraft) Loaded 2 advancements
[05:10:12] [Server thread/INFO] (Minecraft) Changing simulation distance to 12, from 0
[05:10:12] [Render thread/INFO] (Minecraft) Resizing Dynamic Transforms UBO, capacity limit of 4 reached during a single frame. New capacity will be 8.
[05:10:12] [Render thread/INFO] (Minecraft) Resizing Chunk Sections UBO, capacity limit of 2 reached during a single frame. New capacity will be 8.
[05:10:12] [Render thread/INFO] (Minecraft) Resizing Chunk Sections UBO, capacity limit of 8 reached during a single frame. New capacity will be 16.
[05:10:13] [Render thread/INFO] (Minecraft) Resizing Chunk Sections UBO, capacity limit of 16 reached during a single frame. New capacity will be 32.
[05:10:14] [Render thread/INFO] (Minecraft) Resizing Chunk Sections UBO, capacity limit of 32 reached during a single frame. New capacity will be 64.
[05:10:15] [Server thread/WARN] (Minecraft) Can't keep up! Is the server overloaded? Running 2035ms or 40 ticks behind
[05:10:15] [Render thread/INFO] (Minecraft) Resizing Chunk Sections UBO, capacity limit of 64 reached during a single frame. New capacity will be 128.
[05:10:18] [Render thread/INFO] (Minecraft) Resizing Chunk Sections UBO, capacity limit of 128 reached during a single frame. New capacity will be 256.
[05:10:22] [Render thread/INFO] (Minecraft) Resizing Dynamic Transforms UBO, capacity limit of 8 reached during a single frame. New capacity will be 16.
[05:10:24] [Render thread/INFO] (Minecraft) Resizing Chunk Sections UBO, capacity limit of 256 reached during a single frame. New capacity will be 512.
[05:12:00] [Server thread/INFO] (Minecraft) Saving and pausing game...
[05:12:00] [Server thread/INFO] (Minecraft) Saving chunks for level 'ServerLevel[New World]'/minecraft:overworld
[05:12:00] [Server thread/INFO] (Minecraft) Saving chunks for level 'ServerLevel[New World]'/minecraft:the_nether
[05:12:00] [Server thread/INFO] (Minecraft) Saving chunks for level 'ServerLevel[New World]'/minecraft:the_end
[05:12:01] [Server thread/INFO] (Minecraft) Player135 lost connection: Disconnected
[05:12:01] [Server thread/INFO] (Minecraft) Player135 left the game
[05:12:01] [Server thread/INFO] (Minecraft) Stopping singleplayer server as player logged out
[05:12:01] [Server thread/INFO] (Minecraft) Stopping server
[05:12:01] [Server thread/INFO] (Minecraft) Saving players
[05:12:01] [Server thread/INFO] (Minecraft) Saving worlds
[05:12:02] [Server thread/INFO] (Minecraft) Saving chunks for level 'ServerLevel[New World]'/minecraft:overworld
[05:12:02] [Server thread/INFO] (Minecraft) Saving chunks for level 'ServerLevel[New World]'/minecraft:the_nether
[05:12:02] [Server thread/INFO] (Minecraft) Saving chunks for level 'ServerLevel[New World]'/minecraft:the_end
[05:12:02] [Server thread/INFO] (Minecraft) ThreadedAnvilChunkStorage (New World (2)): All chunks are saved
[05:12:02] [Server thread/INFO] (Minecraft) ThreadedAnvilChunkStorage (DIM-1): All chunks are saved
[05:12:02] [Server thread/INFO] (Minecraft) ThreadedAnvilChunkStorage (DIM1): All chunks are saved
[05:12:02] [Server thread/INFO] (Minecraft) ThreadedAnvilChunkStorage: All dimensions are saved
[05:12:03] [Render thread/INFO] (Minecraft) Stopping!
