[15:12:02] [main/INFO]: Loading Minecraft 1.21.11 with Fabric Loader 0.19.2
[15:12:02] [main/INFO]: Fabric is preparing JARs on first launch, this may take a few seconds...
[15:12:02] [main/INFO]: Loading 41 mods:
	- fabric-api 0.139.4+1.21.11
	   |-- fabric-api-base 1.0.5+4ebb5c0853
	   |-- fabric-api-lookup-api-v1 1.6.113+1fb1cde953
	   |-- fabric-biome-api-v1 17.1.1+4fc5413f53
	   |-- fabric-block-api-v1 1.1.10+4ebb5c0853
	   |-- fabric-block-view-api-v2 1.0.39+4ebb5c0853
	   |-- fabric-command-api-v2 2.4.6+4ebb5c0853
	   |-- fabric-content-registries-v0 10.2.14+4fc5413f53
	   |-- fabric-convention-tags-v1 2.1.55+7f945d5b53
	   |-- fabric-convention-tags-v2 2.17.3+8ef948ba53
	   |-- fabric-crash-report-info-v1 0.3.23+4ebb5c0853
	   |-- fabric-data-attachment-api-v1 1.8.42+1fb1cde953
	   |-- fabric-data-generation-api-v1 23.2.38+1d9b5c3553
	   |-- fabric-dimensions-v1 4.0.28+4fc5413f53
	   |-- fabric-entity-events-v1 3.0.5+4ebb5c0853
	   |-- fabric-events-interaction-v0 4.0.43+1fb1cde953
	   |-- fabric-game-rule-api-v1 2.0.3+4fc5413f53
	   |-- fabric-item-api-v1 11.5.19+78c8b46653
	   |-- fabric-item-group-api-v1 4.2.36+4fc5413f53
	   |-- fabric-key-binding-api-v1 1.1.7+4fc5413f53
	   |-- fabric-lifecycle-events-v1 2.6.15+4ebb5c0853
	   |-- fabric-loot-api-v2 3.0.73+3f89f5a553
	   |-- fabric-loot-api-v3 2.0.20+78c8b46653
	   |-- fabric-message-api-v1 6.1.12+4ebb5c0853
	   |-- fabric-networking-api-v1 5.1.4+4ebb5c0853
	   |-- fabric-object-builder-api-v1 21.1.37+4fc5413f53
	   |-- fabric-particles-v1 4.2.10+4fc5413f53
	   |-- fabric-recipe-api-v1 8.2.2+4ebb5c0853
	   |-- fabric-registry-sync-v0 6.2.3+4ebb5c0853
	   |-- fabric-rendering-fluids-v1 3.1.43+4ebb5c0853
	   |-- fabric-rendering-v1 16.2.5+1fb1cde953
	   |-- fabric-resource-conditions-api-v1 5.0.35+4fc5413f53
	   |-- fabric-resource-loader-v0 3.3.4+4fc5413f53
	   |-- fabric-resource-loader-v1 1.0.10+78c8b46653
	   |-- fabric-screen-api-v1 3.1.7+4ebb5c0853
	   |-- fabric-screen-handler-api-v1 1.3.159+4fc5413f53
	   |-- fabric-serialization-api-v1 1.0.5+4ebb5c0853
	   |-- fabric-sound-api-v1 1.0.51+4fc5413f53
	   |-- fabric-tag-api-v1 1.2.20+4fc5413f53
	   |-- fabric-transfer-api-v1 6.0.24+4fc5413f53
	   \-- fabric-transitive-access-wideners-v1 7.0.7+1fb1cde953
	- fabricloader 0.19.2
	   \-- mixinextras 0.5.4
	- java 21
	- minecraft 1.21.11
[15:12:02] [main/INFO]: SpongePowered MIXIN Subsystem Version=0.8.7 Source=file:/Users/seanpaulbobadilla/Documents/GitRepos/minecraft_mods/architecture-1.21.11/libraries/net/fabricmc/sponge-mixin/0.17.2+mixin.0.8.7/sponge-mixin-0.17.2+mixin.0.8.7.jar Service=Knot/Fabric Env=SERVER
[15:12:02] [main/INFO]: Compatibility level set to JAVA_21
[15:12:03] [main/INFO]: Initializing MixinExtras via com.llamalad7.mixinextras.service.MixinExtrasServiceImpl(version=0.5.4).
[15:12:14] [main/ERROR]: Failed to load properties from file: server.properties
java.nio.file.NoSuchFileException: server.properties
	at java.base/sun.nio.fs.UnixException.translateToIOException(UnixException.java:92)
	at java.base/sun.nio.fs.UnixException.rethrowAsIOException(UnixException.java:106)
	at java.base/sun.nio.fs.UnixException.rethrowAsIOException(UnixException.java:111)
	at java.base/sun.nio.fs.UnixFileSystemProvider.newByteChannel(UnixFileSystemProvider.java:261)
	at java.base/java.nio.file.Files.newByteChannel(Files.java:379)
	at java.base/java.nio.file.Files.newByteChannel(Files.java:431)
	at java.base/java.nio.file.spi.FileSystemProvider.newInputStream(FileSystemProvider.java:420)
	at java.base/java.nio.file.Files.newInputStream(Files.java:159)
	at knot//net.minecraft.class_3808.method_16727(class_3808.java:62)
	at knot//net.minecraft.class_3806.method_16714(class_3806.java:154)
	at knot//net.minecraft.class_3807.<init>(class_3807.java:12)
	at knot//net.minecraft.server.Main.main(Main.java:115)
	at net.fabricmc.loader.impl.game.minecraft.MinecraftGameProvider.launch(MinecraftGameProvider.java:514)
	at net.fabricmc.loader.impl.launch.knot.Knot.launch(Knot.java:72)
	at net.fabricmc.loader.impl.launch.knot.KnotServer.main(KnotServer.java:23)
	at net.fabricmc.loader.impl.launch.server.FabricServerLauncher.main(FabricServerLauncher.java:69)
	at net.fabricmc.installer.ServerLauncher.main(ServerLauncher.java:69)
[15:12:14] [main/WARN]: Failed to load eula.txt
[15:12:14] [main/INFO]: You need to agree to the EULA in order to run the server. Go to eula.txt for more info.
